// Jest Snapshot v1, https://goo.gl/fbAQLP

exports[`expressions should get the autocomplete suggestions for the input expression 1`] = `
Array [
  "toLocaleString",
  "toSource",
  "toString",
  "toolbar",
  "top",
]
`;
